{"status": "reused_frozen_preparation", "pages": 60}
{"status": "reused_frozen_preparation", "pages": 60}
Matching completed indexes already exist
........................................................................ [ 48%]
........................................................................ [ 97%]
....                                                                     [100%]
=============================== warnings summary ===============================
<frozen importlib._bootstrap>:488
<frozen importlib._bootstrap>:488
  <frozen importlib._bootstrap>:488: DeprecationWarning: builtin type SwigPyPacked has no __module__ attribute

<frozen importlib._bootstrap>:488
<frozen importlib._bootstrap>:488
  <frozen importlib._bootstrap>:488: DeprecationWarning: builtin type SwigPyObject has no __module__ attribute

<frozen importlib._bootstrap>:488
  <frozen importlib._bootstrap>:488: DeprecationWarning: builtin type swigvarlink has no __module__ attribute

tests/test_evaluator.py::test_evaluate_retrieval_reports_recall
  <venv>/lib/python3.12/site-packages/jieba/__init__.py:44: SyntaxWarning: invalid escape sequence '\.'
    re_han_default = re.compile("([\u4E00-\u9FD5a-zA-Z0-9+#&\._%\-]+)", re.U)

tests/test_evaluator.py::test_evaluate_retrieval_reports_recall
  <venv>/lib/python3.12/site-packages/jieba/__init__.py:46: SyntaxWarning: invalid escape sequence '\s'
    re_skip_default = re.compile("(\r\n|\s)", re.U)

tests/test_evaluator.py::test_evaluate_retrieval_reports_recall
  <venv>/lib/python3.12/site-packages/jieba/finalseg/__init__.py:78: SyntaxWarning: invalid escape sequence '\.'
    re_skip = re.compile("([a-zA-Z0-9]+(?:\.\d+)?%?)")

-- Docs: https://docs.pytest.org/en/stable/how-to/capture-warnings.html
148 passed, 8 warnings in 8.29s
{"status": "reused_frozen_preparation", "pages": 60}
Visual page 1/60 complete
Visual page 2/60 complete
Visual page 3/60 complete
Visual page 4/60 complete
Visual page 5/60 complete
Visual page 6/60 complete
Visual page 7/60 complete
Visual page 8/60 complete
Visual page 9/60 complete
Visual page 10/60 complete
Visual page 11/60 complete
Visual page 12/60 complete
Visual page 13/60 complete
Visual page 14/60 complete
Visual page 15/60 complete
Visual page 16/60 complete
Visual page 17/60 complete
Visual page 18/60 complete
Visual page 19/60 complete
Visual page 20/60 complete
Visual page 21/60 complete
Visual page 22/60 complete
Visual page 23/60 complete
Visual page 24/60 complete
Visual page 25/60 complete
Visual page 26/60 complete
Visual page 27/60 complete
Visual page 28/60 complete
Visual page 29/60 complete
Visual page 30/60 complete
Visual page 31/60 complete
Visual page 32/60 complete
Visual page 33/60 complete
Visual page 34/60 complete
Visual page 35/60 complete
Visual page 36/60 complete
Visual page 37/60 complete
Visual page 38/60 complete
Visual page 39/60 complete
Visual page 40/60 complete
Visual page 41/60 complete
Visual page 42/60 complete
Visual page 43/60 complete
Visual page 44/60 complete
Visual page 45/60 complete
Visual page 46/60 complete
Visual page 47/60 complete
Visual page 48/60 complete
Visual page 49/60 complete
Visual page 50/60 complete
Visual page 51/60 complete
Visual page 52/60 complete
Visual page 53/60 complete
Visual page 54/60 complete
Visual page 55/60 complete
Visual page 56/60 complete
Visual page 57/60 complete
Visual page 58/60 complete
Visual page 59/60 complete
Visual page 60/60 complete
Matching completed indexes already exist
{
  "dataset_sha256": "554ee2b3273e680c15d2a7e4b1154c687ec04f8bfe6be9c6d990caf7153c6485",
  "kind": "development_selection",
  "reports": {
    "baseline": {
      "total": 10,
      "scored": 10,
      "failed": 0,
      "hit": 0.8,
      "recall": 0.8,
      "mrr": 0.675,
      "ndcg": 0.706160631164485,
      "retrieval_p50_ms": 30.10054142214358,
      "retrieval_p95_ms": 383.6488330271095,
      "context_mean_chars": 5655.6
    },
    "chapter": {
      "total": 10,
      "scored": 10,
      "failed": 0,
      "hit": 0.8,
      "recall": 0.75,
      "mrr": 0.6333333333333333,
      "ndcg": 0.6568433103525644,
      "retrieval_p50_ms": 33.201104030013084,
      "retrieval_p95_ms": 213.50849978625774,
      "context_mean_chars": 5786.8
    },
    "rerank": {
      "total": 10,
      "scored": 10,
      "failed": 0,
      "hit": 0.9,
      "recall": 0.9,
      "mrr": 0.7166666666666667,
      "ndcg": 0.7550650542719646,
      "retrieval_p50_ms": 1712.048166547902,
      "retrieval_p95_ms": 1850.544499931857,
      "context_mean_chars": 5870.8
    }
  },
  "versions": {
    "baseline": "7e46a7adca814b220ec05ad75ec5c77194310d8940a2f736139fde0750078019",
    "chapter": "9a0c02a784afcd65b9dd126360a65005011a97588bad9d37dd1baa255c9d1d0f",
    "rerank": "1aafc877f17870e21daba81953236c49d3b194fbc427690bedc537e29c9ffb5b"
  },
  "hardware": "macOS-26.6.2-arm64-arm-64bit",
  "machine": "arm64",
  "measurement": "one warm pass; excludes model initialization; no clinical accuracy",
  "missing_strategies": []
}

dev resume_v2_08_chart captions ok
dev resume_v2_08_chart originals ok
dev resume_v2_08_screenshot auto failed
dev resume_v2_08_behavior auto ok
dev resume_v2_09_text auto ok
dev resume_v2_09_chart text_only ok
dev resume_v2_09_chart captions ok
dev resume_v2_09_chart originals ok
dev resume_v2_09_screenshot auto ok
dev resume_v2_09_behavior auto ok
Traceback (most recent call last):
  File "scripts/evaluate_resume_v2.py", line 445, in <module>
    online(settings, args.dataset, args.split)
  File "scripts/evaluate_resume_v2.py", line 414, in online
    raise ValueError(
ValueError: Image ablation did not hold retrieved context constant
Workflow stopped; previous results preserved. Failed step: scripts/evaluate_resume_v2.py
Workflow paused. Credentials remain in this process memory for 600s. The assistant can repair code and request a retry. Ctrl+C exits and clears credentials.
{"status": "reused_frozen_preparation", "pages": 60}
{"status": "reused_frozen_preparation", "pages": 60}
Matching completed indexes already exist
........................................................................ [ 47%]
........................................................................ [ 95%]
.......                                                                  [100%]
=============================== warnings summary ===============================
<frozen importlib._bootstrap>:488
<frozen importlib._bootstrap>:488
  <frozen importlib._bootstrap>:488: DeprecationWarning: builtin type SwigPyPacked has no __module__ attribute

<frozen importlib._bootstrap>:488
<frozen importlib._bootstrap>:488
  <frozen importlib._bootstrap>:488: DeprecationWarning: builtin type SwigPyObject has no __module__ attribute

<frozen importlib._bootstrap>:488
  <frozen importlib._bootstrap>:488: DeprecationWarning: builtin type swigvarlink has no __module__ attribute

-- Docs: https://docs.pytest.org/en/stable/how-to/capture-warnings.html
151 passed, 5 warnings in 1.63s
{"status": "reused_frozen_preparation", "pages": 60}
Visual page 1/60 complete
Visual page 2/60 complete
Visual page 3/60 complete
Visual page 4/60 complete
Visual page 5/60 complete
Visual page 6/60 complete
Visual page 7/60 complete
Visual page 8/60 complete
Visual page 9/60 complete
Visual page 10/60 complete
Visual page 11/60 complete
Visual page 12/60 complete
Visual page 13/60 complete
Visual page 14/60 complete
Visual page 15/60 complete
Visual page 16/60 complete
Visual page 17/60 complete
Visual page 18/60 complete
Visual page 19/60 complete
Visual page 20/60 complete
Visual page 21/60 complete
Visual page 22/60 complete
Visual page 23/60 complete
Visual page 24/60 complete
Visual page 25/60 complete
Visual page 26/60 complete
Visual page 27/60 complete
Visual page 28/60 complete
Visual page 29/60 complete
Visual page 30/60 complete
Visual page 31/60 complete
Visual page 32/60 complete
Visual page 33/60 complete
Visual page 34/60 complete
Visual page 35/60 complete
Visual page 36/60 complete
Visual page 37/60 complete
Visual page 38/60 complete
Visual page 39/60 complete
Visual page 40/60 complete
Visual page 41/60 complete
Visual page 42/60 complete
Visual page 43/60 complete
Visual page 44/60 complete
Visual page 45/60 complete
Visual page 46/60 complete
Visual page 47/60 complete
Visual page 48/60 complete
Visual page 49/60 complete
Visual page 50/60 complete
Visual page 51/60 complete
Visual page 52/60 complete
Visual page 53/60 complete
Visual page 54/60 complete
Visual page 55/60 complete
Visual page 56/60 complete
Visual page 57/60 complete
Visual page 58/60 complete
Visual page 59/60 complete
Visual page 60/60 complete
Matching completed indexes already exist
{
  "dataset_sha256": "554ee2b3273e680c15d2a7e4b1154c687ec04f8bfe6be9c6d990caf7153c6485",
  "kind": "development_selection",
  "reports": {
    "baseline": {
      "total": 10,
      "scored": 10,
      "failed": 0,
      "hit": 0.8,
      "recall": 0.8,
      "mrr": 0.675,
      "ndcg": 0.706160631164485,
      "retrieval_p50_ms": 30.10054142214358,
      "retrieval_p95_ms": 383.6488330271095,
      "context_mean_chars": 5655.6
    },
    "chapter": {
      "total": 10,
      "scored": 10,
      "failed": 0,
      "hit": 0.8,
      "recall": 0.75,
      "mrr": 0.6333333333333333,
      "ndcg": 0.6568433103525644,
      "retrieval_p50_ms": 33.201104030013084,
      "retrieval_p95_ms": 213.50849978625774,
      "context_mean_chars": 5786.8
    },
    "rerank": {
      "total": 10,
      "scored": 10,
      "failed": 0,
      "hit": 0.9,
      "recall": 0.9,
      "mrr": 0.7166666666666667,
      "ndcg": 0.7550650542719646,
      "retrieval_p50_ms": 1712.048166547902,
      "retrieval_p95_ms": 1850.544499931857,
      "context_mean_chars": 5870.8
    }
  },
  "versions": {
    "baseline": "7e46a7adca814b220ec05ad75ec5c77194310d8940a2f736139fde0750078019",
    "chapter": "9a0c02a784afcd65b9dd126360a65005011a97588bad9d37dd1baa255c9d1d0f",
    "rerank": "1aafc877f17870e21daba81953236c49d3b194fbc427690bedc537e29c9ffb5b"
  },
  "hardware": "macOS-26.6.2-arm64-arm-64bit",
  "machine": "arm64",
  "measurement": "one warm pass; excludes model initialization; no clinical accuracy",
  "missing_strategies": []
}

{
  "split": "dev",
  "expected_runs": 60,
  "completed_answers": 60,
  "judged": 52,
  "failed": 8,
  "human_reviewed": 0,
  "judge_scope": "AI proxy; visual generator/judge share model; no clinical accuracy",
  "by_mode": {
    "auto": {
      "total": 30,
      "judged": 25,
      "strict_proxy_pass": 20
    },
    "text_only": {
      "total": 10,
      "judged": 7,
      "strict_proxy_pass": 1
    },
    "captions": {
      "total": 10,
      "judged": 10,
      "strict_proxy_pass": 9
    },
    "originals": {
      "total": 10,
      "judged": 10,
      "strict_proxy_pass": 7
    }
  },
  "refusal": {
    "unanswerable_scored": 5,
    "wrong_answers": 2,
    "answerable_scored": 47,
    "false_refusals": 6
  },
  "operations_by_kind_and_mode": {
    "behavior/auto": {
      "runs": 10,
      "failed": 0,
      "status_counts": {
        "insufficient_evidence": 5,
        "ok": 5
      },
      "source_hits": 9,
      "source_hit_denominator": 10,
      "judged": 10,
      "distinct_tasks": 10,
      "image_claims_supported_among_judged": 8,
      "semantic_citations_scored": 11,
      "semantic_citations_supported": 8,
      "score_means_among_judged": {
        "correctness": 1.4,
        "completeness": 1.5,
        "groundedness": 1.4
      },
      "unsupported_expansions": 1,
      "live_answer_runs": 10,
      "latency_seconds_live_only": {
        "retrieval_seconds": {
          "n": 10,
          "p50": 1.668719479011088,
          "p95": 1.7424719355436535
        },
        "model_seconds": {
          "n": 10,
          "p50": 7.256054812486582,
          "p95": 15.27418873308924
        },
        "total_seconds": {
          "n": 10,
          "p50": 9.030419229011386,
          "p95": 16.99024426412069
        },
        "first_token_seconds": {
          "n": 5,
          "p50": 4.35844837500008,
          "p95": 6.617617558315396
        },
        "model_first_token_seconds": {
          "n": 5,
          "p50": 1.4347834580112249,
          "p95": 2.3198052582331
        }
      },
      "context_characters": {
        "n": 10,
        "p50": 5842.0,
        "p95": 5967.1
      },
      "textbook_originals": {
        "n": 10,
        "p50": 1.0,
        "p95": 1.0
      },
      "uploaded_images": 0,
      "cached_model_calls": 0,
      "reported_model_tokens": {
        "input_tokens": 42194,
        "output_tokens": 3147
      },
      "calls_with_unknown_usage": 0,
      "reported_answer_cost_cny": 0.13474,
      "cost_scope": "Successful answer-call metadata only; shared ledger includes judges, failed requests and unresolved reservations."
    },
    "chart/captions": {
      "runs": 10,
      "failed": 0,
      "status_counts": {
        "ok": 10
      },
      "source_hits": 10,
      "source_hit_denominator": 10,
      "judged": 10,
      "distinct_tasks": 10,
      "image_claims_supported_among_judged": 10,
      "semantic_citations_scored": 16,
      "semantic_citations_supported": 15,
      "score_means_among_judged": {
        "correctness": 1.9,
        "completeness": 2.0,
        "groundedness": 1.9
      },
      "unsupported_expansions": 1,
      "live_answer_runs": 9,
      "latency_seconds_live_only": {
        "retrieval_seconds": {
          "n": 9,
          "p50": 1.625778999999966,
          "p95": 1.8508414167910814
        },
        "model_seconds": {
          "n": 9,
          "p50": 6.589627084089443,
          "p95": 10.224633691739289
        },
        "total_seconds": {
          "n": 9,
          "p50": 8.32008720911108,
          "p95": 12.149863149877635
        },
        "first_token_seconds": {
          "n": 9,
          "p50": 3.3603694170014933,
          "p95": 5.19858191688545
        },
        "model_first_token_seconds": {
          "n": 9,
          "p50": 0.5815542498603463,
          "p95": 1.0573655753396451
        }
      },
      "context_characters": {
        "n": 10,
        "p50": 5838.5,
        "p95": 5973.1
      },
      "textbook_originals": {
        "n": 10,
        "p50": 0.0,
        "p95": 0.0
      },
      "uploaded_images": 0,
      "cached_model_calls": 1,
      "reported_model_tokens": {
        "input_tokens": 34839,
        "output_tokens": 3105
      },
      "calls_with_unknown_usage": 0,
      "reported_answer_cost_cny": 0.11935799999999999,
      "cost_scope": "Successful answer-call metadata only; shared ledger includes judges, failed requests and unresolved reservations."
    },
    "chart/originals": {
      "runs": 10,
      "failed": 0,
      "status_counts": {
        "ok": 10
      },
      "source_hits": 10,
      "source_hit_denominator": 10,
      "judged": 10,
      "distinct_tasks": 10,
      "image_claims_supported_among_judged": 8,
      "semantic_citations_scored": 15,
      "semantic_citations_supported": 12,
      "score_means_among_judged": {
        "correctness": 1.7,
        "completeness": 1.9,
        "groundedness": 1.6
      },
      "unsupported_expansions": 3,
      "live_answer_runs": 10,
      "latency_seconds_live_only": {
        "retrieval_seconds": {
          "n": 10,
          "p50": 1.645711291464977,
          "p95": 1.890955773264977
        },
        "model_seconds": {
          "n": 10,
          "p50": 7.810869917040691,
          "p95": 12.42042180813305
        },
        "total_seconds": {
          "n": 10,
          "p50": 9.542192375520244,
          "p95": 14.216739155960385
        },
        "first_token_seconds": {
          "n": 10,
          "p50": 4.533829562482424,
          "p95": 7.769164377235025
        },
        "model_first_token_seconds": {
          "n": 10,
          "p50": 1.2183011875022203,
          "p95": 3.9094770041490814
        }
      },
      "context_characters": {
        "n": 10,
        "p50": 5838.5,
        "p95": 5973.1
      },
      "textbook_originals": {
        "n": 10,
        "p50": 1.0,
        "p95": 2.0
      },
      "uploaded_images": 0,
      "cached_model_calls": 0,
      "reported_model_tokens": {
        "input_tokens": 59236,
        "output_tokens": 3264
      },
      "calls_with_unknown_usage": 0,
      "reported_answer_cost_cny": 0.170696,
      "cost_scope": "Successful answer-call metadata only; shared ledger includes judges, failed requests and unresolved reservations."
    },
    "chart/text_only": {
      "runs": 10,
      "failed": 3,
      "status_counts": {
        "ok": 6,
        "insufficient_evidence": 4
      },
      "source_hits": 4,
      "source_hit_denominator": 10,
      "judged": 7,
      "distinct_tasks": 10,
      "image_claims_supported_among_judged": 1,
      "semantic_citations_scored": 8,
      "semantic_citations_supported": 8,
      "score_means_among_judged": {
        "correctness": 0.2857142857142857,
        "completeness": 0.2857142857142857,
        "groundedness": 0.2857142857142857
      },
      "unsupported_expansions": 1,
      "live_answer_runs": 10,
      "latency_seconds_live_only": {
        "retrieval_seconds": {
          "n": 10,
          "p50": 0.9925776249901901,
          "p95": 1.5645040144561788
        },
        "model_seconds": {
          "n": 10,
          "p50": 3.635359812527895,
          "p95": 5.0787067830562584
        },
        "total_seconds": {
          "n": 10,
          "p50": 4.8621318329824135,
          "p95": 6.127221164130606
        },
        "first_token_seconds": {
          "n": 6,
          "p50": 2.93789497949183,
          "p95": 3.239468978892546
        },
        "model_first_token_seconds": {
          "n": 6,
          "p50": 0.8631228959420696,
          "p95": 1.2221218229387887
        }
      },
      "context_characters": {
        "n": 10,
        "p50": 5191.5,
        "p95": 5875.05
      },
      "textbook_originals": {
        "n": 10,
        "p50": 0.0,
        "p95": 0.0
      },
      "uploaded_images": 0,
      "cached_model_calls": 0,
      "reported_model_tokens": {
        "input_tokens": 28132,
        "output_tokens": 3160
      },
      "calls_with_unknown_usage": 0,
      "reported_answer_cost_cny": 0.081544,
      "cost_scope": "Successful answer-call metadata only; shared ledger includes judges, failed requests and unresolved reservations."
    },
    "screenshot/auto": {
      "runs": 10,
      "failed": 4,
      "status_counts": {
        "ok": 10
      },
      "source_hits": 9,
      "source_hit_denominator": 10,
      "judged": 6,
      "distinct_tasks": 10,
      "image_claims_supported_among_judged": 5,
      "semantic_citations_scored": 9,
      "semantic_citations_supported": 8,
      "score_means_among_judged": {
        "correctness": 1.6666666666666667,
        "completeness": 1.6666666666666667,
        "groundedness": 1.6666666666666667
      },
      "unsupported_expansions": 1,
      "live_answer_runs": 10,
      "latency_seconds_live_only": {
        "retrieval_seconds": {
          "n": 10,
          "p50": 1.664630770450458,
          "p95": 2.0217008811305273
        },
        "model_seconds": {
          "n": 10,
          "p50": 16.57318747951649,
          "p95": 31.735810737456532
        },
        "total_seconds": {
          "n": 10,
          "p50": 18.302420604624785,
          "p95": 33.617531528962346
        },
        "first_token_seconds": {
          "n": 10,
          "p50": 13.124773854506202,
          "p95": 20.504525256121177
        },
        "model_first_token_seconds": {
          "n": 10,
          "p50": 1.3808849584311247,
          "p95": 1.4798574625980108
        }
      },
      "context_characters": {
        "n": 10,
        "p50": 5764.5,
        "p95": 5963.2
      },
      "textbook_originals": {
        "n": 10,
        "p50": 1.0,
        "p95": 2.0
      },
      "uploaded_images": 10,
      "cached_model_calls": 0,
      "reported_model_tokens": {
        "input_tokens": 97929,
        "output_tokens": 6671
      },
      "calls_with_unknown_usage": 0,
      "reported_answer_cost_cny": 0.302594,
      "cost_scope": "Successful answer-call metadata only; shared ledger includes judges, failed requests and unresolved reservations."
    },
    "text/auto": {
      "runs": 10,
      "failed": 1,
      "status_counts": {
        "ok": 10
      },
      "source_hits": 9,
      "source_hit_denominator": 10,
      "judged": 9,
      "distinct_tasks": 10,
      "image_claims_supported_among_judged": 9,
      "semantic_citations_scored": 20,
      "semantic_citations_supported": 20,
      "score_means_among_judged": {
        "correctness": 2.0,
        "completeness": 2.0,
        "groundedness": 1.8888888888888888
      },
      "unsupported_expansions": 0,
      "live_answer_runs": 10,
      "latency_seconds_live_only": {
        "retrieval_seconds": {
          "n": 10,
          "p50": 1.6246435830835253,
          "p95": 3.6267535937335165
        },
        "model_seconds": {
          "n": 10,
          "p50": 8.322831311961636,
          "p95": 13.522661276499274
        },
        "total_seconds": {
          "n": 10,
          "p50": 10.041946916491725,
          "p95": 17.11972725004889
        },
        "first_token_seconds": {
          "n": 10,
          "p50": 4.7129776459141794,
          "p95": 9.856469699856822
        },
        "model_first_token_seconds": {
          "n": 10,
          "p50": 1.1887157290475443,
          "p95": 5.205580139183432
        }
      },
      "context_characters": {
        "n": 10,
        "p50": 5907.0,
        "p95": 5974.2
      },
      "textbook_originals": {
        "n": 10,
        "p50": 1.0,
        "p95": 2.0
      },
      "uploaded_images": 0,
      "cached_model_calls": 0,
      "reported_model_tokens": {
        "input_tokens": 60780,
        "output_tokens": 3184
      },
      "calls_with_unknown_usage": 0,
      "reported_answer_cost_cny": 0.172504,
      "cost_scope": "Successful answer-call metadata only; shared ledger includes judges, failed requests and unresolved reservations."
    }
  }
}
Traceback (most recent call last):
  File "scripts/review_resume_answers.py", line 160, in <module>
    review(p.parse_args().split)
  File "scripts/review_resume_answers.py", line 127, in review
    reviews = list(pool.map(one, selected))
              ^^^^^^^^^^^^^^^^^^^^^^^^^^^^^
  File "<python-lib>/concurrent/futures/_base.py", line 619, in result_iterator
    yield _result_or_cancel(fs.pop())
          ^^^^^^^^^^^^^^^^^^^^^^^^^^^
  File "<python-lib>/concurrent/futures/_base.py", line 317, in _result_or_cancel
    return fut.result(timeout)
           ^^^^^^^^^^^^^^^^^^^
  File "<python-lib>/concurrent/futures/_base.py", line 456, in result
    return self.__get_result()
           ^^^^^^^^^^^^^^^^^^^
  File "<python-lib>/concurrent/futures/_base.py", line 401, in __get_result
    raise self._exception
  File "<python-lib>/concurrent/futures/thread.py", line 59, in run
    result = self.fn(*self.args, **self.kwargs)
             ^^^^^^^^^^^^^^^^^^^^^^^^^^^^^^^^^^
  File "scripts/review_resume_answers.py", line 113, in one
    raise ValueError("Incomplete source review citations")
ValueError: Incomplete source review citations
Workflow stopped; previous results preserved. Failed step: scripts/review_resume_answers.py
Workflow paused. Credentials remain in this process memory for 600s. The assistant can repair code and request a retry. Ctrl+C exits and clears credentials.
{"status": "reused_frozen_preparation", "pages": 60}
{"status": "reused_frozen_preparation", "pages": 60}
Matching completed indexes already exist
........................................................................ [ 47%]
........................................................................ [ 95%]
.......                                                                  [100%]
=============================== warnings summary ===============================
<frozen importlib._bootstrap>:488
<frozen importlib._bootstrap>:488
  <frozen importlib._bootstrap>:488: DeprecationWarning: builtin type SwigPyPacked has no __module__ attribute

<frozen importlib._bootstrap>:488
<frozen importlib._bootstrap>:488
  <frozen importlib._bootstrap>:488: DeprecationWarning: builtin type SwigPyObject has no __module__ attribute

<frozen importlib._bootstrap>:488
  <frozen importlib._bootstrap>:488: DeprecationWarning: builtin type swigvarlink has no __module__ attribute

-- Docs: https://docs.pytest.org/en/stable/how-to/capture-warnings.html
151 passed, 5 warnings in 1.75s
{"status": "reused_frozen_preparation", "pages": 60}
Visual page 1/60 complete
Visual page 2/60 complete
Visual page 3/60 complete
Visual page 4/60 complete
Visual page 5/60 complete
Visual page 6/60 complete
Visual page 7/60 complete
Visual page 8/60 complete
Visual page 9/60 complete
Visual page 10/60 complete
Visual page 11/60 complete
Visual page 12/60 complete
Visual page 13/60 complete
Visual page 14/60 complete
Visual page 15/60 complete
Visual page 16/60 complete
Visual page 17/60 complete
Visual page 18/60 complete
Visual page 19/60 complete
Visual page 20/60 complete
Visual page 21/60 complete
Visual page 22/60 complete
Visual page 23/60 complete
Visual page 24/60 complete
Visual page 25/60 complete
Visual page 26/60 complete
Visual page 27/60 complete
Visual page 28/60 complete
Visual page 29/60 complete
Visual page 30/60 complete
Visual page 31/60 complete
Visual page 32/60 complete
Visual page 33/60 complete
Visual page 34/60 complete
Visual page 35/60 complete
Visual page 36/60 complete
Visual page 37/60 complete
Visual page 38/60 complete
Visual page 39/60 complete
Visual page 40/60 complete
Visual page 41/60 complete
Visual page 42/60 complete
Visual page 43/60 complete
Visual page 44/60 complete
Visual page 45/60 complete
Visual page 46/60 complete
Visual page 47/60 complete
Visual page 48/60 complete
Visual page 49/60 complete
Visual page 50/60 complete
Visual page 51/60 complete
Visual page 52/60 complete
Visual page 53/60 complete
Visual page 54/60 complete
Visual page 55/60 complete
Visual page 56/60 complete
Visual page 57/60 complete
Visual page 58/60 complete
Visual page 59/60 complete
Visual page 60/60 complete
Matching completed indexes already exist
{
  "dataset_sha256": "554ee2b3273e680c15d2a7e4b1154c687ec04f8bfe6be9c6d990caf7153c6485",
  "kind": "development_selection",
  "reports": {
    "baseline": {
      "total": 10,
      "scored": 10,
      "failed": 0,
      "hit": 0.8,
      "recall": 0.8,
      "mrr": 0.675,
      "ndcg": 0.706160631164485,
      "retrieval_p50_ms": 30.10054142214358,
      "retrieval_p95_ms": 383.6488330271095,
      "context_mean_chars": 5655.6
    },
    "chapter": {
      "total": 10,
      "scored": 10,
      "failed": 0,
      "hit": 0.8,
      "recall": 0.75,
      "mrr": 0.6333333333333333,
      "ndcg": 0.6568433103525644,
      "retrieval_p50_ms": 33.201104030013084,
      "retrieval_p95_ms": 213.50849978625774,
      "context_mean_chars": 5786.8
    },
    "rerank": {
      "total": 10,
      "scored": 10,
      "failed": 0,
      "hit": 0.9,
      "recall": 0.9,
      "mrr": 0.7166666666666667,
      "ndcg": 0.7550650542719646,
      "retrieval_p50_ms": 1712.048166547902,
      "retrieval_p95_ms": 1850.544499931857,
      "context_mean_chars": 5870.8
    }
  },
  "versions": {
    "baseline": "7e46a7adca814b220ec05ad75ec5c77194310d8940a2f736139fde0750078019",
    "chapter": "9a0c02a784afcd65b9dd126360a65005011a97588bad9d37dd1baa255c9d1d0f",
    "rerank": "1aafc877f17870e21daba81953236c49d3b194fbc427690bedc537e29c9ffb5b"
  },
  "hardware": "macOS-26.6.2-arm64-arm-64bit",
  "machine": "arm64",
  "measurement": "one warm pass; excludes model initialization; no clinical accuracy",
  "missing_strategies": []
}

{
  "split": "dev",
  "expected_runs": 60,
  "completed_answers": 60,
  "judged": 52,
  "failed": 8,
  "human_reviewed": 0,
  "judge_scope": "AI proxy; visual generator/judge share model; no clinical accuracy",
  "by_mode": {
    "auto": {
      "total": 30,
      "judged": 25,
      "strict_proxy_pass": 20
    },
    "text_only": {
      "total": 10,
      "judged": 7,
      "strict_proxy_pass": 1
    },
    "captions": {
      "total": 10,
      "judged": 10,
      "strict_proxy_pass": 9
    },
    "originals": {
      "total": 10,
      "judged": 10,
      "strict_proxy_pass": 7
    }
  },
  "refusal": {
    "unanswerable_scored": 5,
    "wrong_answers": 2,
    "answerable_scored": 47,
    "false_refusals": 6
  },
  "operations_by_kind_and_mode": {
    "behavior/auto": {
      "runs": 10,
      "failed": 0,
      "status_counts": {
        "insufficient_evidence": 5,
        "ok": 5
      },
      "source_hits": 9,
      "source_hit_denominator": 10,
      "judged": 10,
      "distinct_tasks": 10,
      "image_claims_supported_among_judged": 8,
      "semantic_citations_scored": 11,
      "semantic_citations_supported": 8,
      "score_means_among_judged": {
        "correctness": 1.4,
        "completeness": 1.5,
        "groundedness": 1.4
      },
      "unsupported_expansions": 1,
      "live_answer_runs": 10,
      "latency_seconds_live_only": {
        "retrieval_seconds": {
          "n": 10,
          "p50": 1.668719479011088,
          "p95": 1.7424719355436535
        },
        "model_seconds": {
          "n": 10,
          "p50": 7.256054812486582,
          "p95": 15.27418873308924
        },
        "total_seconds": {
          "n": 10,
          "p50": 9.030419229011386,
          "p95": 16.99024426412069
        },
        "first_token_seconds": {
          "n": 5,
          "p50": 4.35844837500008,
          "p95": 6.617617558315396
        },
        "model_first_token_seconds": {
          "n": 5,
          "p50": 1.4347834580112249,
          "p95": 2.3198052582331
        }
      },
      "context_characters": {
        "n": 10,
        "p50": 5842.0,
        "p95": 5967.1
      },
      "textbook_originals": {
        "n": 10,
        "p50": 1.0,
        "p95": 1.0
      },
      "uploaded_images": 0,
      "cached_model_calls": 0,
      "reported_model_tokens": {
        "input_tokens": 42194,
        "output_tokens": 3147
      },
      "calls_with_unknown_usage": 0,
      "reported_answer_cost_cny": 0.13474,
      "cost_scope": "Successful answer-call metadata only; shared ledger includes judges, failed requests and unresolved reservations."
    },
    "chart/captions": {
      "runs": 10,
      "failed": 0,
      "status_counts": {
        "ok": 10
      },
      "source_hits": 10,
      "source_hit_denominator": 10,
      "judged": 10,
      "distinct_tasks": 10,
      "image_claims_supported_among_judged": 10,
      "semantic_citations_scored": 16,
      "semantic_citations_supported": 15,
      "score_means_among_judged": {
        "correctness": 1.9,
        "completeness": 2.0,
        "groundedness": 1.9
      },
      "unsupported_expansions": 1,
      "live_answer_runs": 9,
      "latency_seconds_live_only": {
        "retrieval_seconds": {
          "n": 9,
          "p50": 1.625778999999966,
          "p95": 1.8508414167910814
        },
        "model_seconds": {
          "n": 9,
          "p50": 6.589627084089443,
          "p95": 10.224633691739289
        },
        "total_seconds": {
          "n": 9,
          "p50": 8.32008720911108,
          "p95": 12.149863149877635
        },
        "first_token_seconds": {
          "n": 9,
          "p50": 3.3603694170014933,
          "p95": 5.19858191688545
        },
        "model_first_token_seconds": {
          "n": 9,
          "p50": 0.5815542498603463,
          "p95": 1.0573655753396451
        }
      },
      "context_characters": {
        "n": 10,
        "p50": 5838.5,
        "p95": 5973.1
      },
      "textbook_originals": {
        "n": 10,
        "p50": 0.0,
        "p95": 0.0
      },
      "uploaded_images": 0,
      "cached_model_calls": 1,
      "reported_model_tokens": {
        "input_tokens": 34839,
        "output_tokens": 3105
      },
      "calls_with_unknown_usage": 0,
      "reported_answer_cost_cny": 0.11935799999999999,
      "cost_scope": "Successful answer-call metadata only; shared ledger includes judges, failed requests and unresolved reservations."
    },
    "chart/originals": {
      "runs": 10,
      "failed": 0,
      "status_counts": {
        "ok": 10
      },
      "source_hits": 10,
      "source_hit_denominator": 10,
      "judged": 10,
      "distinct_tasks": 10,
      "image_claims_supported_among_judged": 8,
      "semantic_citations_scored": 15,
      "semantic_citations_supported": 12,
      "score_means_among_judged": {
        "correctness": 1.7,
        "completeness": 1.9,
        "groundedness": 1.6
      },
      "unsupported_expansions": 3,
      "live_answer_runs": 10,
      "latency_seconds_live_only": {
        "retrieval_seconds": {
          "n": 10,
          "p50": 1.645711291464977,
          "p95": 1.890955773264977
        },
        "model_seconds": {
          "n": 10,
          "p50": 7.810869917040691,
          "p95": 12.42042180813305
        },
        "total_seconds": {
          "n": 10,
          "p50": 9.542192375520244,
          "p95": 14.216739155960385
        },
        "first_token_seconds": {
          "n": 10,
          "p50": 4.533829562482424,
          "p95": 7.769164377235025
        },
        "model_first_token_seconds": {
          "n": 10,
          "p50": 1.2183011875022203,
          "p95": 3.9094770041490814
        }
      },
      "context_characters": {
        "n": 10,
        "p50": 5838.5,
        "p95": 5973.1
      },
      "textbook_originals": {
        "n": 10,
        "p50": 1.0,
        "p95": 2.0
      },
      "uploaded_images": 0,
      "cached_model_calls": 0,
      "reported_model_tokens": {
        "input_tokens": 59236,
        "output_tokens": 3264
      },
      "calls_with_unknown_usage": 0,
      "reported_answer_cost_cny": 0.170696,
      "cost_scope": "Successful answer-call metadata only; shared ledger includes judges, failed requests and unresolved reservations."
    },
    "chart/text_only": {
      "runs": 10,
      "failed": 3,
      "status_counts": {
        "ok": 6,
        "insufficient_evidence": 4
      },
      "source_hits": 4,
      "source_hit_denominator": 10,
      "judged": 7,
      "distinct_tasks": 10,
      "image_claims_supported_among_judged": 1,
      "semantic_citations_scored": 8,
      "semantic_citations_supported": 8,
      "score_means_among_judged": {
        "correctness": 0.2857142857142857,
        "completeness": 0.2857142857142857,
        "groundedness": 0.2857142857142857
      },
      "unsupported_expansions": 1,
      "live_answer_runs": 10,
      "latency_seconds_live_only": {
        "retrieval_seconds": {
          "n": 10,
          "p50": 0.9925776249901901,
          "p95": 1.5645040144561788
        },
        "model_seconds": {
          "n": 10,
          "p50": 3.635359812527895,
          "p95": 5.0787067830562584
        },
        "total_seconds": {
          "n": 10,
          "p50": 4.8621318329824135,
          "p95": 6.127221164130606
        },
        "first_token_seconds": {
          "n": 6,
          "p50": 2.93789497949183,
          "p95": 3.239468978892546
        },
        "model_first_token_seconds": {
          "n": 6,
          "p50": 0.8631228959420696,
          "p95": 1.2221218229387887
        }
      },
      "context_characters": {
        "n": 10,
        "p50": 5191.5,
        "p95": 5875.05
      },
      "textbook_originals": {
        "n": 10,
        "p50": 0.0,
        "p95": 0.0
      },
      "uploaded_images": 0,
      "cached_model_calls": 0,
      "reported_model_tokens": {
        "input_tokens": 28132,
        "output_tokens": 3160
      },
      "calls_with_unknown_usage": 0,
      "reported_answer_cost_cny": 0.081544,
      "cost_scope": "Successful answer-call metadata only; shared ledger includes judges, failed requests and unresolved reservations."
    },
    "screenshot/auto": {
      "runs": 10,
      "failed": 4,
      "status_counts": {
        "ok": 10
      },
      "source_hits": 9,
      "source_hit_denominator": 10,
      "judged": 6,
      "distinct_tasks": 10,
      "image_claims_supported_among_judged": 5,
      "semantic_citations_scored": 9,
      "semantic_citations_supported": 8,
      "score_means_among_judged": {
        "correctness": 1.6666666666666667,
        "completeness": 1.6666666666666667,
        "groundedness": 1.6666666666666667
      },
      "unsupported_expansions": 1,
      "live_answer_runs": 10,
      "latency_seconds_live_only": {
        "retrieval_seconds": {
          "n": 10,
          "p50": 1.664630770450458,
          "p95": 2.0217008811305273
        },
        "model_seconds": {
          "n": 10,
          "p50": 16.57318747951649,
          "p95": 31.735810737456532
        },
        "total_seconds": {
          "n": 10,
          "p50": 18.302420604624785,
          "p95": 33.617531528962346
        },
        "first_token_seconds": {
          "n": 10,
          "p50": 13.124773854506202,
          "p95": 20.504525256121177
        },
        "model_first_token_seconds": {
          "n": 10,
          "p50": 1.3808849584311247,
          "p95": 1.4798574625980108
        }
      },
      "context_characters": {
        "n": 10,
        "p50": 5764.5,
        "p95": 5963.2
      },
      "textbook_originals": {
        "n": 10,
        "p50": 1.0,
        "p95": 2.0
      },
      "uploaded_images": 10,
      "cached_model_calls": 0,
      "reported_model_tokens": {
        "input_tokens": 97929,
        "output_tokens": 6671
      },
      "calls_with_unknown_usage": 0,
      "reported_answer_cost_cny": 0.302594,
      "cost_scope": "Successful answer-call metadata only; shared ledger includes judges, failed requests and unresolved reservations."
    },
    "text/auto": {
      "runs": 10,
      "failed": 1,
      "status_counts": {
        "ok": 10
      },
      "source_hits": 9,
      "source_hit_denominator": 10,
      "judged": 9,
      "distinct_tasks": 10,
      "image_claims_supported_among_judged": 9,
      "semantic_citations_scored": 20,
      "semantic_citations_supported": 20,
      "score_means_among_judged": {
        "correctness": 2.0,
        "completeness": 2.0,
        "groundedness": 1.8888888888888888
      },
      "unsupported_expansions": 0,
      "live_answer_runs": 10,
      "latency_seconds_live_only": {
        "retrieval_seconds": {
          "n": 10,
          "p50": 1.6246435830835253,
          "p95": 3.6267535937335165
        },
        "model_seconds": {
          "n": 10,
          "p50": 8.322831311961636,
          "p95": 13.522661276499274
        },
        "total_seconds": {
          "n": 10,
          "p50": 10.041946916491725,
          "p95": 17.11972725004889
        },
        "first_token_seconds": {
          "n": 10,
          "p50": 4.7129776459141794,
          "p95": 9.856469699856822
        },
        "model_first_token_seconds": {
          "n": 10,
          "p50": 1.1887157290475443,
          "p95": 5.205580139183432
        }
      },
      "context_characters": {
        "n": 10,
        "p50": 5907.0,
        "p95": 5974.2
      },
      "textbook_originals": {
        "n": 10,
        "p50": 1.0,
        "p95": 2.0
      },
      "uploaded_images": 0,
      "cached_model_calls": 0,
      "reported_model_tokens": {
        "input_tokens": 60780,
        "output_tokens": 3184
      },
      "calls_with_unknown_usage": 0,
      "reported_answer_cost_cny": 0.172504,
      "cost_scope": "Successful answer-call metadata only; shared ledger includes judges, failed requests and unresolved reservations."
    }
  }
}
{
  "scope": "Second AI source review, same provider; not independent medical expertise",
  "question_ids": [
    "resume_v2_00_chart",
    "resume_v2_00_screenshot",
    "resume_v2_01_behavior",
    "resume_v2_01_chart",
    "resume_v2_02_chart",
    "resume_v2_02_screenshot",
    "resume_v2_03_behavior",
    "resume_v2_03_chart",
    "resume_v2_03_text",
    "resume_v2_04_behavior",
    "resume_v2_04_chart",
    "resume_v2_05_chart",
    "resume_v2_05_screenshot",
    "resume_v2_05_text",
    "resume_v2_06_behavior",
    "resume_v2_06_chart",
    "resume_v2_06_screenshot",
    "resume_v2_06_text",
    "resume_v2_07_chart",
    "resume_v2_07_screenshot",
    "resume_v2_08_chart",
    "resume_v2_08_screenshot",
    "resume_v2_09_chart",
    "resume_v2_09_screenshot"
  ],
  "answers_reviewed": 44,
  "human_reviewed": 0,
  "initial_grades_disputed": 13,
  "answers_with_unsupported_claims": 19,
  "prompt_sha256": "e6b4aac7d8d7aae53d4c77ec26710beb2badc8f0fe233a598dcb57854eaf2ef9",
  "original_answers_and_grades_unchanged": true
}
Traceback (most recent call last):
  File "scripts/evaluate_resume_v2.py", line 450, in <module>
    online(settings, args.dataset, args.split)
  File "scripts/evaluate_resume_v2.py", line 238, in online
    raise RuntimeError(
RuntimeError: Development judge repair pass must finish before holdout
Workflow stopped; previous results preserved. Failed step: scripts/evaluate_resume_v2.py
Workflow paused. Credentials remain in this process memory for 600s. The assistant can repair code and request a retry. Ctrl+C exits and clears credentials.
{"status": "reused_frozen_preparation", "pages": 60}
{"status": "reused_frozen_preparation", "pages": 60}
Matching completed indexes already exist
........................................................................ [ 47%]
........................................................................ [ 95%]
.......                                                                  [100%]
=============================== warnings summary ===============================
<frozen importlib._bootstrap>:488
<frozen importlib._bootstrap>:488
  <frozen importlib._bootstrap>:488: DeprecationWarning: builtin type SwigPyPacked has no __module__ attribute

<frozen importlib._bootstrap>:488
<frozen importlib._bootstrap>:488
  <frozen importlib._bootstrap>:488: DeprecationWarning: builtin type SwigPyObject has no __module__ attribute

<frozen importlib._bootstrap>:488
  <frozen importlib._bootstrap>:488: DeprecationWarning: builtin type swigvarlink has no __module__ attribute

-- Docs: https://docs.pytest.org/en/stable/how-to/capture-warnings.html
151 passed, 5 warnings in 1.53s
{"status": "reused_frozen_preparation", "pages": 60}
Visual page 1/60 complete
Visual page 2/60 complete
Visual page 3/60 complete
Visual page 4/60 complete
Visual page 5/60 complete
Visual page 6/60 complete
Visual page 7/60 complete
Visual page 8/60 complete
Visual page 9/60 complete
Visual page 10/60 complete
Visual page 11/60 complete
Visual page 12/60 complete
Visual page 13/60 complete
Visual page 14/60 complete
Visual page 15/60 complete
Visual page 16/60 complete
Visual page 17/60 complete
Visual page 18/60 complete
Visual page 19/60 complete
Visual page 20/60 complete
Visual page 21/60 complete
Visual page 22/60 complete
Visual page 23/60 complete
Visual page 24/60 complete
Visual page 25/60 complete
Visual page 26/60 complete
Visual page 27/60 complete
Visual page 28/60 complete
Visual page 29/60 complete
Visual page 30/60 complete
Visual page 31/60 complete
Visual page 32/60 complete
Visual page 33/60 complete
Visual page 34/60 complete
Visual page 35/60 complete
Visual page 36/60 complete
Visual page 37/60 complete
Visual page 38/60 complete
Visual page 39/60 complete
Visual page 40/60 complete
Visual page 41/60 complete
Visual page 42/60 complete
Visual page 43/60 complete
Visual page 44/60 complete
Visual page 45/60 complete
Visual page 46/60 complete
Visual page 47/60 complete
Visual page 48/60 complete
Visual page 49/60 complete
Visual page 50/60 complete
Visual page 51/60 complete
Visual page 52/60 complete
Visual page 53/60 complete
Visual page 54/60 complete
Visual page 55/60 complete
Visual page 56/60 complete
Visual page 57/60 complete
Visual page 58/60 complete
Visual page 59/60 complete
Visual page 60/60 complete
Matching completed indexes already exist
{
  "dataset_sha256": "554ee2b3273e680c15d2a7e4b1154c687ec04f8bfe6be9c6d990caf7153c6485",
  "kind": "development_selection",
  "reports": {
    "baseline": {
      "total": 10,
      "scored": 10,
      "failed": 0,
      "hit": 0.8,
      "recall": 0.8,
      "mrr": 0.675,
      "ndcg": 0.706160631164485,
      "retrieval_p50_ms": 30.10054142214358,
      "retrieval_p95_ms": 383.6488330271095,
      "context_mean_chars": 5655.6
    },
    "chapter": {
      "total": 10,
      "scored": 10,
      "failed": 0,
      "hit": 0.8,
      "recall": 0.75,
      "mrr": 0.6333333333333333,
      "ndcg": 0.6568433103525644,
      "retrieval_p50_ms": 33.201104030013084,
      "retrieval_p95_ms": 213.50849978625774,
      "context_mean_chars": 5786.8
    },
    "rerank": {
      "total": 10,
      "scored": 10,
      "failed": 0,
      "hit": 0.9,
      "recall": 0.9,
      "mrr": 0.7166666666666667,
      "ndcg": 0.7550650542719646,
      "retrieval_p50_ms": 1712.048166547902,
      "retrieval_p95_ms": 1850.544499931857,
      "context_mean_chars": 5870.8
    }
  },
  "versions": {
    "baseline": "7e46a7adca814b220ec05ad75ec5c77194310d8940a2f736139fde0750078019",
    "chapter": "9a0c02a784afcd65b9dd126360a65005011a97588bad9d37dd1baa255c9d1d0f",
    "rerank": "1aafc877f17870e21daba81953236c49d3b194fbc427690bedc537e29c9ffb5b"
  },
  "hardware": "macOS-26.6.2-arm64-arm-64bit",
  "machine": "arm64",
  "measurement": "one warm pass; excludes model initialization; no clinical accuracy",
  "missing_strategies": []
}

{
  "split": "dev",
  "expected_runs": 60,
  "completed_answers": 60,
  "judged": 52,
  "failed": 8,
  "human_reviewed": 0,
  "judge_scope": "AI proxy; visual generator/judge share model; no clinical accuracy",
  "by_mode": {
    "auto": {
      "total": 30,
      "judged": 25,
      "strict_proxy_pass": 20
    },
    "text_only": {
      "total": 10,
      "judged": 7,
      "strict_proxy_pass": 1
    },
    "captions": {
      "total": 10,
      "judged": 10,
      "strict_proxy_pass": 9
    },
    "originals": {
      "total": 10,
      "judged": 10,
      "strict_proxy_pass": 7
    }
  },
  "refusal": {
    "unanswerable_scored": 5,
    "wrong_answers": 2,
    "answerable_scored": 47,
    "false_refusals": 6
  },
  "operations_by_kind_and_mode": {
    "behavior/auto": {
      "runs": 10,
      "failed": 0,
      "status_counts": {
        "insufficient_evidence": 5,
        "ok": 5
      },
      "source_hits": 9,
      "source_hit_denominator": 10,
      "judged": 10,
      "distinct_tasks": 10,
      "image_claims_supported_among_judged": 8,
      "semantic_citations_scored": 11,
      "semantic_citations_supported": 8,
      "score_means_among_judged": {
        "correctness": 1.4,
        "completeness": 1.5,
        "groundedness": 1.4
      },
      "unsupported_expansions": 1,
      "live_answer_runs": 10,
      "latency_seconds_live_only": {
        "retrieval_seconds": {
          "n": 10,
          "p50": 1.668719479011088,
          "p95": 1.7424719355436535
        },
        "model_seconds": {
          "n": 10,
          "p50": 7.256054812486582,
          "p95": 15.27418873308924
        },
        "total_seconds": {
          "n": 10,
          "p50": 9.030419229011386,
          "p95": 16.99024426412069
        },
        "first_token_seconds": {
          "n": 5,
          "p50": 4.35844837500008,
          "p95": 6.617617558315396
        },
        "model_first_token_seconds": {
          "n": 5,
          "p50": 1.4347834580112249,
          "p95": 2.3198052582331
        }
      },
      "context_characters": {
        "n": 10,
        "p50": 5842.0,
        "p95": 5967.1
      },
      "textbook_originals": {
        "n": 10,
        "p50": 1.0,
        "p95": 1.0
      },
      "uploaded_images": 0,
      "cached_model_calls": 0,
      "reported_model_tokens": {
        "input_tokens": 42194,
        "output_tokens": 3147
      },
      "calls_with_unknown_usage": 0,
      "reported_answer_cost_cny": 0.13474,
      "cost_scope": "Successful answer-call metadata only; shared ledger includes judges, failed requests and unresolved reservations."
    },
    "chart/captions": {
      "runs": 10,
      "failed": 0,
      "status_counts": {
        "ok": 10
      },
      "source_hits": 10,
      "source_hit_denominator": 10,
      "judged": 10,
      "distinct_tasks": 10,
      "image_claims_supported_among_judged": 10,
      "semantic_citations_scored": 16,
      "semantic_citations_supported": 15,
      "score_means_among_judged": {
        "correctness": 1.9,
        "completeness": 2.0,
        "groundedness": 1.9
      },
      "unsupported_expansions": 1,
      "live_answer_runs": 9,
      "latency_seconds_live_only": {
        "retrieval_seconds": {
          "n": 9,
          "p50": 1.625778999999966,
          "p95": 1.8508414167910814
        },
        "model_seconds": {
          "n": 9,
          "p50": 6.589627084089443,
          "p95": 10.224633691739289
        },
        "total_seconds": {
          "n": 9,
          "p50": 8.32008720911108,
          "p95": 12.149863149877635
        },
        "first_token_seconds": {
          "n": 9,
          "p50": 3.3603694170014933,
          "p95": 5.19858191688545
        },
        "model_first_token_seconds": {
          "n": 9,
          "p50": 0.5815542498603463,
          "p95": 1.0573655753396451
        }
      },
      "context_characters": {
        "n": 10,
        "p50": 5838.5,
        "p95": 5973.1
      },
      "textbook_originals": {
        "n": 10,
        "p50": 0.0,
        "p95": 0.0
      },
      "uploaded_images": 0,
      "cached_model_calls": 1,
      "reported_model_tokens": {
        "input_tokens": 34839,
        "output_tokens": 3105
      },
      "calls_with_unknown_usage": 0,
      "reported_answer_cost_cny": 0.11935799999999999,
      "cost_scope": "Successful answer-call metadata only; shared ledger includes judges, failed requests and unresolved reservations."
    },
    "chart/originals": {
      "runs": 10,
      "failed": 0,
      "status_counts": {
        "ok": 10
      },
      "source_hits": 10,
      "source_hit_denominator": 10,
      "judged": 10,
      "distinct_tasks": 10,
      "image_claims_supported_among_judged": 8,
      "semantic_citations_scored": 15,
      "semantic_citations_supported": 12,
      "score_means_among_judged": {
        "correctness": 1.7,
        "completeness": 1.9,
        "groundedness": 1.6
      },
      "unsupported_expansions": 3,
      "live_answer_runs": 10,
      "latency_seconds_live_only": {
        "retrieval_seconds": {
          "n": 10,
          "p50": 1.645711291464977,
          "p95": 1.890955773264977
        },
        "model_seconds": {
          "n": 10,
          "p50": 7.810869917040691,
          "p95": 12.42042180813305
        },
        "total_seconds": {
          "n": 10,
          "p50": 9.542192375520244,
          "p95": 14.216739155960385
        },
        "first_token_seconds": {
          "n": 10,
          "p50": 4.533829562482424,
          "p95": 7.769164377235025
        },
        "model_first_token_seconds": {
          "n": 10,
          "p50": 1.2183011875022203,
          "p95": 3.9094770041490814
        }
      },
      "context_characters": {
        "n": 10,
        "p50": 5838.5,
        "p95": 5973.1
      },
      "textbook_originals": {
        "n": 10,
        "p50": 1.0,
        "p95": 2.0
      },
      "uploaded_images": 0,
      "cached_model_calls": 0,
      "reported_model_tokens": {
        "input_tokens": 59236,
        "output_tokens": 3264
      },
      "calls_with_unknown_usage": 0,
      "reported_answer_cost_cny": 0.170696,
      "cost_scope": "Successful answer-call metadata only; shared ledger includes judges, failed requests and unresolved reservations."
    },
    "chart/text_only": {
      "runs": 10,
      "failed": 3,
      "status_counts": {
        "ok": 6,
        "insufficient_evidence": 4
      },
      "source_hits": 4,
      "source_hit_denominator": 10,
      "judged": 7,
      "distinct_tasks": 10,
      "image_claims_supported_among_judged": 1,
      "semantic_citations_scored": 8,
      "semantic_citations_supported": 8,
      "score_means_among_judged": {
        "correctness": 0.2857142857142857,
        "completeness": 0.2857142857142857,
        "groundedness": 0.2857142857142857
      },
      "unsupported_expansions": 1,
      "live_answer_runs": 10,
      "latency_seconds_live_only": {
        "retrieval_seconds": {
          "n": 10,
          "p50": 0.9925776249901901,
          "p95": 1.5645040144561788
        },
        "model_seconds": {
          "n": 10,
          "p50": 3.635359812527895,
          "p95": 5.0787067830562584
        },
        "total_seconds": {
          "n": 10,
          "p50": 4.8621318329824135,
          "p95": 6.127221164130606
        },
        "first_token_seconds": {
          "n": 6,
          "p50": 2.93789497949183,
          "p95": 3.239468978892546
        },
        "model_first_token_seconds": {
          "n": 6,
          "p50": 0.8631228959420696,
          "p95": 1.2221218229387887
        }
      },
      "context_characters": {
        "n": 10,
        "p50": 5191.5,
        "p95": 5875.05
      },
      "textbook_originals": {
        "n": 10,
        "p50": 0.0,
        "p95": 0.0
      },
      "uploaded_images": 0,
      "cached_model_calls": 0,
      "reported_model_tokens": {
        "input_tokens": 28132,
        "output_tokens": 3160
      },
      "calls_with_unknown_usage": 0,
      "reported_answer_cost_cny": 0.081544,
      "cost_scope": "Successful answer-call metadata only; shared ledger includes judges, failed requests and unresolved reservations."
    },
    "screenshot/auto": {
      "runs": 10,
      "failed": 4,
      "status_counts": {
        "ok": 10
      },
      "source_hits": 9,
      "source_hit_denominator": 10,
      "judged": 6,
      "distinct_tasks": 10,
      "image_claims_supported_among_judged": 5,
      "semantic_citations_scored": 9,
      "semantic_citations_supported": 8,
      "score_means_among_judged": {
        "correctness": 1.6666666666666667,
        "completeness": 1.6666666666666667,
        "groundedness": 1.6666666666666667
      },
      "unsupported_expansions": 1,
      "live_answer_runs": 10,
      "latency_seconds_live_only": {
        "retrieval_seconds": {
          "n": 10,
          "p50": 1.664630770450458,
          "p95": 2.0217008811305273
        },
        "model_seconds": {
          "n": 10,
          "p50": 16.57318747951649,
          "p95": 31.735810737456532
        },
        "total_seconds": {
          "n": 10,
          "p50": 18.302420604624785,
          "p95": 33.617531528962346
        },
        "first_token_seconds": {
          "n": 10,
          "p50": 13.124773854506202,
          "p95": 20.504525256121177
        },
        "model_first_token_seconds": {
          "n": 10,
          "p50": 1.3808849584311247,
          "p95": 1.4798574625980108
        }
      },
      "context_characters": {
        "n": 10,
        "p50": 5764.5,
        "p95": 5963.2
      },
      "textbook_originals": {
        "n": 10,
        "p50": 1.0,
        "p95": 2.0
      },
      "uploaded_images": 10,
      "cached_model_calls": 0,
      "reported_model_tokens": {
        "input_tokens": 97929,
        "output_tokens": 6671
      },
      "calls_with_unknown_usage": 0,
      "reported_answer_cost_cny": 0.302594,
      "cost_scope": "Successful answer-call metadata only; shared ledger includes judges, failed requests and unresolved reservations."
    },
    "text/auto": {
      "runs": 10,
      "failed": 1,
      "status_counts": {
        "ok": 10
      },
      "source_hits": 9,
      "source_hit_denominator": 10,
      "judged": 9,
      "distinct_tasks": 10,
      "image_claims_supported_among_judged": 9,
      "semantic_citations_scored": 20,
      "semantic_citations_supported": 20,
      "score_means_among_judged": {
        "correctness": 2.0,
        "completeness": 2.0,
        "groundedness": 1.8888888888888888
      },
      "unsupported_expansions": 0,
      "live_answer_runs": 10,
      "latency_seconds_live_only": {
        "retrieval_seconds": {
          "n": 10,
          "p50": 1.6246435830835253,
          "p95": 3.6267535937335165
        },
        "model_seconds": {
          "n": 10,
          "p50": 8.322831311961636,
          "p95": 13.522661276499274
        },
        "total_seconds": {
          "n": 10,
          "p50": 10.041946916491725,
          "p95": 17.11972725004889
        },
        "first_token_seconds": {
          "n": 10,
          "p50": 4.7129776459141794,
          "p95": 9.856469699856822
        },
        "model_first_token_seconds": {
          "n": 10,
          "p50": 1.1887157290475443,
          "p95": 5.205580139183432
        }
      },
      "context_characters": {
        "n": 10,
        "p50": 5907.0,
        "p95": 5974.2
      },
      "textbook_originals": {
        "n": 10,
        "p50": 1.0,
        "p95": 2.0
      },
      "uploaded_images": 0,
      "cached_model_calls": 0,
      "reported_model_tokens": {
        "input_tokens": 60780,
        "output_tokens": 3184
      },
      "calls_with_unknown_usage": 0,
      "reported_answer_cost_cny": 0.172504,
      "cost_scope": "Successful answer-call metadata only; shared ledger includes judges, failed requests and unresolved reservations."
    }
  }
}
{"initial_invalid_grades": 8, "repaired_grades": 5, "repair_failures": 3, "total_answer_runs": 60, "effective_judged": 57, "original_answers_and_grades_unchanged": true, "protocol": "One judge-only repair pass, predeclared before holdout"}
{
  "scope": "Second AI source review, same provider; not independent medical expertise",
  "question_ids": [
    "resume_v2_00_chart",
    "resume_v2_00_screenshot",
    "resume_v2_01_behavior",
    "resume_v2_01_chart",
    "resume_v2_02_chart",
    "resume_v2_02_screenshot",
    "resume_v2_03_behavior",
    "resume_v2_03_chart",
    "resume_v2_03_text",
    "resume_v2_04_behavior",
    "resume_v2_04_chart",
    "resume_v2_05_chart",
    "resume_v2_05_screenshot",
    "resume_v2_05_text",
    "resume_v2_06_behavior",
    "resume_v2_06_chart",
    "resume_v2_06_screenshot",
    "resume_v2_06_text",
    "resume_v2_07_chart",
    "resume_v2_07_screenshot",
    "resume_v2_08_chart",
    "resume_v2_08_screenshot",
    "resume_v2_09_chart",
    "resume_v2_09_screenshot"
  ],
  "answers_reviewed": 44,
  "human_reviewed": 0,
  "initial_grades_disputed": 13,
  "answers_with_unsupported_claims": 19,
  "prompt_sha256": "e6b4aac7d8d7aae53d4c77ec26710beb2badc8f0fe233a598dcb57854eaf2ef9",
  "original_answers_and_grades_unchanged": true
}
holdout resume_v2_10_text auto ok
holdout resume_v2_10_chart text_only failed
holdout resume_v2_10_chart captions ok
